// Jest Snapshot v1, https://goo.gl/fbAQLP

exports[`<Main /> Should render the heading 1`] = `
<h1>
  React Avan√ßado
</h1>
`
